<html>
<body>
<pre>
<h1>µVision Build Log</h1>
<h2>Tool Versions:</h2>
IDE-Version: µVision V5.35.0.0
Copyright (C) 2021 ARM Ltd and ARM Germany GmbH. All rights reserved.
License Information: Tufts EECS, Tufts University, LIC=----
 
Tool Versions:
Toolchain:       MDK-Lite  Version: 5.35.0.2
Toolchain Path:  c:\Keil_v5\ARM\ARMCLANG\Bin
C Compiler:      ArmClang.exe V6.16
Assembler:       Armasm.exe V6.16
Linker/Locator:  ArmLink.exe V6.16
Library Manager: ArmAr.exe V6.16
Hex Converter:   FromElf.exe V6.16
CPU DLL:         SARMCM3.DLL V5.35.0.2
Dialog DLL:      DCM.DLL V1.17.3.0
Target DLL:      STLink\ST-LINKIII-KEIL_SWO.dll V3.0.9.0
Dialog DLL:      TCM.DLL V1.53.0.0
 
<h2>Project:</h2>
Z:\ee14\final\EE14FINAL\hw7bis.uvprojx
Project File Date:  04/30/2022

<h2>Output:</h2>
*** Using Compiler 'V6.16', folder: 'c:\Keil_v5\ARM\ARMCLANG\Bin'
Build target 'Target 1'
main.c(3): warning: In file included from...
./SysTick.h(11): warning: no newline at end of file [-Wnewline-eof]
#endif /* __STM32L476G_DISCOVERY_SYSTICK_H */
                                             ^
main.c(22): warning: this function declaration is not a prototype [-Wstrict-prototypes]
int digit_input();
               ^
                void
main.c(59): warning: implicit declaration of function 'SysTick_Initialize' is invalid in C99 [-Wimplicit-function-declaration]
        SysTick_Initialize(1000);
        ^
main.c(67): warning: implicit conversion changes signedness: 'int' to 'char' [-Wsign-conversion]
                *num = '0' + (rand() % 10);
                     ~ ~~~~^~~~~~~~~~~~~~~
main.c(68): warning: passing 'char [1]' to parameter of type 'uint8_t *' (aka 'unsigned char *') converts between pointers to integer types where one is of the unique plain 'char' type and the other is not [-Wpointer-sign]
                LCD_DisplayString(num);
                                  ^~~
./LCD.h(14): note: passing argument to parameter 'ptr' here
void LCD_DisplayString(uint8_t* ptr);
                                ^
main.c(55): warning: unused variable 'score_player1_char' [-Wunused-variable]
        char score_player1_char[1];
             ^
main.c(71): warning: code will never be executed [-Wunreachable-code]
        display_choose_level();
        ^~~~~~~~~~~~~~~~~~~~
main.c(174): warning: type specifier missing, defaults to 'int' [-Wimplicit-int]
void display_operation(int digit1, int digit2, op_index){
                                               ^
main.c(190): warning: implicit conversion loses integer precision: 'int' to 'char' [-Wimplicit-int-conversion]
        *digit1char1st = digit11st + '0'; //convert to char
                       ~ ~~~~~~~~~~^~~~~
main.c(191): warning: implicit conversion loses integer precision: 'int' to 'char' [-Wimplicit-int-conversion]
        *digit1char2nd = digit12nd + '0';
                       ~ ~~~~~~~~~~^~~~~
main.c(193): warning: implicit conversion loses integer precision: 'int' to 'char' [-Wimplicit-int-conversion]
        *digit2char1st = digit21st + '0';
                       ~ ~~~~~~~~~~^~~~~
main.c(194): warning: implicit conversion loses integer precision: 'int' to 'char' [-Wimplicit-int-conversion]
        *digit2char2nd = digit22nd + '0';
                       ~ ~~~~~~~~~~^~~~~
main.c(201): warning: implicit conversion loses integer precision: 'int' to 'char' [-Wimplicit-int-conversion]
                *digit2char1st = digit22nd + '0';
                               ~ ~~~~~~~~~~^~~~~
main.c(215): warning: passing 'char [1]' to parameter of type 'uint8_t *' (aka 'unsigned char *') converts between pointers to integer types where one is of the unique plain 'char' type and the other is not [-Wpointer-sign]
        LCD_WriteChar(digit1char1st, 0 , 0, 0);
                      ^~~~~~~~~~~~~
./LCD.h(15): note: passing argument to parameter 'ch' here
void LCD_WriteChar(uint8_t* ch, bool point, bool colon, uint8_t position);
                            ^
main.c(216): warning: passing 'char [1]' to parameter of type 'uint8_t *' (aka 'unsigned char *') converts between pointers to integer types where one is of the unique plain 'char' type and the other is not [-Wpointer-sign]
        LCD_WriteChar(digit1char2nd, 0 , 0, 1);
                      ^~~~~~~~~~~~~
./LCD.h(15): note: passing argument to parameter 'ch' here
void LCD_WriteChar(uint8_t* ch, bool point, bool colon, uint8_t position);
                            ^
main.c(217): warning: passing 'char [1]' to parameter of type 'uint8_t *' (aka 'unsigned char *') converts between pointers to integer types where one is of the unique plain 'char' type and the other is not [-Wpointer-sign]
        LCD_WriteChar(digit2char1st, 0 , 0, 3);
                      ^~~~~~~~~~~~~
./LCD.h(15): note: passing argument to parameter 'ch' here
void LCD_WriteChar(uint8_t* ch, bool point, bool colon, uint8_t position);
                            ^
main.c(218): warning: passing 'char [1]' to parameter of type 'uint8_t *' (aka 'unsigned char *') converts between pointers to integer types where one is of the unique plain 'char' type and the other is not [-Wpointer-sign]
        LCD_WriteChar(digit2char2nd, 0 , 0, 4);
                      ^~~~~~~~~~~~~
./LCD.h(15): note: passing argument to parameter 'ch' here
void LCD_WriteChar(uint8_t* ch, bool point, bool colon, uint8_t position);
                            ^
main.c(219): warning: passing 'char [1]' to parameter of type 'uint8_t *' (aka 'unsigned char *') converts between pointers to integer types where one is of the unique plain 'char' type and the other is not [-Wpointer-sign]
        LCD_WriteChar(equal, 0 , 0, 5);
                      ^~~~~
./LCD.h(15): note: passing argument to parameter 'ch' here
void LCD_WriteChar(uint8_t* ch, bool point, bool colon, uint8_t position);
                            ^
main.c(223): warning: passing 'char [1]' to parameter of type 'uint8_t *' (aka 'unsigned char *') converts between pointers to integer types where one is of the unique plain 'char' type and the other is not [-Wpointer-sign]
                LCD_WriteChar(plus, 0 , 0, 2);
                              ^~~~
./LCD.h(15): note: passing argument to parameter 'ch' here
void LCD_WriteChar(uint8_t* ch, bool point, bool colon, uint8_t position);
                            ^
main.c(225): warning: passing 'char [1]' to parameter of type 'uint8_t *' (aka 'unsigned char *') converts between pointers to integer types where one is of the unique plain 'char' type and the other is not [-Wpointer-sign]
                LCD_WriteChar(minus, 0 , 0, 2);
                              ^~~~~
./LCD.h(15): note: passing argument to parameter 'ch' here
void LCD_WriteChar(uint8_t* ch, bool point, bool colon, uint8_t position);
                            ^
main.c(227): warning: passing 'char [1]' to parameter of type 'uint8_t *' (aka 'unsigned char *') converts between pointers to integer types where one is of the unique plain 'char' type and the other is not [-Wpointer-sign]
                LCD_WriteChar(mult, 0 , 0, 2);
                              ^~~~
./LCD.h(15): note: passing argument to parameter 'ch' here
void LCD_WriteChar(uint8_t* ch, bool point, bool colon, uint8_t position);
                            ^
main.c(244): warning: non-void function does not return a value in all control paths [-Wreturn-type]
}
^
main.c(254): warning: variable length array used [-Wvla]
        int array[expected_digits];
                  ^~~~~~~~~~~~~~~
main.c(251): warning: unused variable 'a' [-Wunused-variable]
        int a = 0;
            ^
main.c(274): warning: implicit conversion changes signedness: 'int' to 'unsigned int' [-Wsign-conversion]
        GPIOA->MODER &= ~(0xCFC);
                     ~~ ^~~~~~~~
main.c(275): warning: implicit conversion changes signedness: 'int' to 'unsigned int' [-Wsign-conversion]
        GPIOE->MODER &= ~(0xFF<<20);
                     ~~ ^~~~~~~~~~~
main.c(277): warning: implicit conversion changes signedness: 'int' to 'unsigned int' [-Wsign-conversion]
        GPIOE->ODR &= ~(0xF<<10);
                   ~~ ^~~~~~~~~~
main.c(278): warning: implicit conversion changes signedness: 'int' to 'unsigned int' [-Wsign-conversion]
        GPIOA->PUPDR &= ~(0xFFF);
                     ~~ ^~~~~~~~
main.c(281): warning: implicit conversion changes signedness: 'int' to 'unsigned int' [-Wsign-conversion]
        GPIOB->MODER &= ~(0x3<<4);
                     ~~ ^~~~~~~~~
main.c(283): warning: implicit conversion changes signedness: 'int' to 'unsigned int' [-Wsign-conversion]
        GPIOE->ODR &= ~(0x3<<16);
                   ~~ ^~~~~~~~~~
main.c(284): warning: implicit conversion changes signedness: 'int' to 'unsigned int' [-Wsign-conversion]
        GPIOE->ODR &= ~(0x1<<16);
                   ~~ ^~~~~~~~~~
main.c(269): warning: no previous prototype for function 'digit_input' [-Wmissing-prototypes]
int digit_input(){
    ^
main.c(22): note: this declaration is not a prototype; add 'void' to make it a prototype for a zero-parameter function
int digit_input();
    ^
                void
main.c(269): warning: this old-style function definition is not preceded by a prototype [-Wstrict-prototypes]
int digit_input(){
               ^
main.c(295): warning: unused variable 'score_update' [-Wunused-variable]
        int score_update = 0; //score increment
            ^
main.c(294): warning: unused variable 'a' [-Wunused-variable]
        int a = 0;
            ^
main.c(293): warning: unused parameter 'score' [-Wunused-parameter]
int right_answer(int user_input, int correct_result, int time_waited, int score){
                                                                          ^
main.c(306): warning: non-void function does not return a value in all control paths [-Wreturn-type]
}
^
main.c(310): warning: passing 'char *' to parameter of type 'uint8_t *' (aka 'unsigned char *') converts between pointers to integer types where one is of the unique plain 'char' type and the other is not [-Wpointer-sign]
        LCD_DisplayString(good);
                          ^~~~
./LCD.h(14): note: passing argument to parameter 'ptr' here
void LCD_DisplayString(uint8_t* ptr);
                                ^
main.c(316): warning: passing 'char *' to parameter of type 'uint8_t *' (aka 'unsigned char *') converts between pointers to integer types where one is of the unique plain 'char' type and the other is not [-Wpointer-sign]
        LCD_DisplayString(wrong);
                          ^~~~~
./LCD.h(14): note: passing argument to parameter 'ptr' here
void LCD_DisplayString(uint8_t* ptr);
                                ^
main.c(322): warning: passing 'char *' to parameter of type 'uint8_t *' (aka 'unsigned char *') converts between pointers to integer types where one is of the unique plain 'char' type and the other is not [-Wpointer-sign]
        LCD_DisplayString(missed_message);
                          ^~~~~~~~~~~~~~
./LCD.h(14): note: passing argument to parameter 'ptr' here
void LCD_DisplayString(uint8_t* ptr);
                                ^
main.c(327): warning: passing 'char *' to parameter of type 'uint8_t *' (aka 'unsigned char *') converts between pointers to integer types where one is of the unique plain 'char' type and the other is not [-Wpointer-sign]
        LCD_DisplayString(message);
                          ^~~~~~~
./LCD.h(14): note: passing argument to parameter 'ptr' here
void LCD_DisplayString(uint8_t* ptr);
                                ^
main.c(332): warning: passing 'char *' to parameter of type 'uint8_t *' (aka 'unsigned char *') converts between pointers to integer types where one is of the unique plain 'char' type and the other is not [-Wpointer-sign]
        LCD_DisplayString(message);
                          ^~~~~~~
./LCD.h(14): note: passing argument to parameter 'ptr' here
void LCD_DisplayString(uint8_t* ptr);
                                ^
main.c(337): warning: passing 'char *' to parameter of type 'uint8_t *' (aka 'unsigned char *') converts between pointers to integer types where one is of the unique plain 'char' type and the other is not [-Wpointer-sign]
        LCD_DisplayString(message);
                          ^~~~~~~
./LCD.h(14): note: passing argument to parameter 'ptr' here
void LCD_DisplayString(uint8_t* ptr);
                                ^
main.c(342): warning: passing 'char *' to parameter of type 'uint8_t *' (aka 'unsigned char *') converts between pointers to integer types where one is of the unique plain 'char' type and the other is not [-Wpointer-sign]
        LCD_DisplayString(message);
                          ^~~~~~~
./LCD.h(14): note: passing argument to parameter 'ptr' here
void LCD_DisplayString(uint8_t* ptr);
                                ^
main.c(348): warning: passing 'char *' to parameter of type 'uint8_t *' (aka 'unsigned char *') converts between pointers to integer types where one is of the unique plain 'char' type and the other is not [-Wpointer-sign]
        LCD_DisplayString(message);
                          ^~~~~~~
./LCD.h(14): note: passing argument to parameter 'ptr' here
void LCD_DisplayString(uint8_t* ptr);
                                ^
main.c(355): warning: passing 'char *' to parameter of type 'uint8_t *' (aka 'unsigned char *') converts between pointers to integer types where one is of the unique plain 'char' type and the other is not [-Wpointer-sign]
        LCD_DisplayString(message);
                          ^~~~~~~
./LCD.h(14): note: passing argument to parameter 'ptr' here
void LCD_DisplayString(uint8_t* ptr);
                                ^
main.c(361): warning: passing 'char *' to parameter of type 'uint8_t *' (aka 'unsigned char *') converts between pointers to integer types where one is of the unique plain 'char' type and the other is not [-Wpointer-sign]
        LCD_DisplayString(message);
                          ^~~~~~~
./LCD.h(14): note: passing argument to parameter 'ptr' here
void LCD_DisplayString(uint8_t* ptr);
                                ^
main.c(367): warning: passing 'char *' to parameter of type 'uint8_t *' (aka 'unsigned char *') converts between pointers to integer types where one is of the unique plain 'char' type and the other is not [-Wpointer-sign]
        LCD_DisplayString(message);
                          ^~~~~~~
./LCD.h(14): note: passing argument to parameter 'ptr' here
void LCD_DisplayString(uint8_t* ptr);
                                ^
main.c(394): warning: non-void function does not return a value in all control paths [-Wreturn-type]
}
^
main.c(409): warning: implicit conversion changes signedness: 'int' to 'unsigned int' [-Wsign-conversion]
        GPIOA->MODER &= ~(0xCFC);
                     ~~ ^~~~~~~~
main.c(410): warning: implicit conversion changes signedness: 'int' to 'unsigned int' [-Wsign-conversion]
        GPIOE->MODER &= ~(0xFF<<20);
                     ~~ ^~~~~~~~~~~
main.c(412): warning: implicit conversion changes signedness: 'int' to 'unsigned int' [-Wsign-conversion]
        GPIOE->ODR &= ~(0xF<<10);
                   ~~ ^~~~~~~~~~
main.c(413): warning: implicit conversion changes signedness: 'int' to 'unsigned int' [-Wsign-conversion]
        GPIOA->PUPDR &= ~(0xFFF);
                     ~~ ^~~~~~~~
main.c(416): warning: implicit conversion changes signedness: 'int' to 'unsigned int' [-Wsign-conversion]
        GPIOB->MODER &= ~(0x3<<4);
                     ~~ ^~~~~~~~~
main.c(418): warning: implicit conversion changes signedness: 'int' to 'unsigned int' [-Wsign-conversion]
        GPIOE->ODR &= ~(0x3<<16);
                   ~~ ^~~~~~~~~~
main.c(419): warning: implicit conversion changes signedness: 'int' to 'unsigned int' [-Wsign-conversion]
        GPIOE->ODR &= ~(0x1<<16);
                   ~~ ^~~~~~~~~~
main.c(422): warning: implicit conversion changes signedness: 'int' to 'unsigned int' [-Wsign-conversion]
        GPIOE->ODR &= ~(0xF<<10);
                   ~~ ^~~~~~~~~~
main.c(459): warning: passing 'char *' to parameter of type 'uint8_t *' (aka 'unsigned char *') converts between pointers to integer types where one is of the unique plain 'char' type and the other is not [-Wpointer-sign]
                LCD_DisplayString(missed_message);
                                  ^~~~~~~~~~~~~~
./LCD.h(14): note: passing argument to parameter 'ptr' here
void LCD_DisplayString(uint8_t* ptr);
                                ^
main.c(473): warning: implicit conversion loses integer precision: 'int' to 'char' [-Wimplicit-int-conversion]
        *thousands = thousands_int + '0';
                   ~ ~~~~~~~~~~~~~~^~~~~
main.c(474): warning: implicit conversion loses integer precision: 'int' to 'char' [-Wimplicit-int-conversion]
        *hundreds = hundreds_int + '0';
                  ~ ~~~~~~~~~~~~~^~~~~
main.c(475): warning: implicit conversion loses integer precision: 'int' to 'char' [-Wimplicit-int-conversion]
        *tens = tens_int + '0';
              ~ ~~~~~~~~~^~~~~
main.c(476): warning: implicit conversion loses integer precision: 'int' to 'char' [-Wimplicit-int-conversion]
        *units = units_int + '0';
               ~ ~~~~~~~~~~^~~~~
main.c(478): warning: passing 'char [1]' to parameter of type 'uint8_t *' (aka 'unsigned char *') converts between pointers to integer types where one is of the unique plain 'char' type and the other is not [-Wpointer-sign]
        LCD_WriteChar(space, 0 , 0, 0);
                      ^~~~~
./LCD.h(15): note: passing argument to parameter 'ch' here
void LCD_WriteChar(uint8_t* ch, bool point, bool colon, uint8_t position);
                            ^
main.c(479): warning: passing 'char [1]' to parameter of type 'uint8_t *' (aka 'unsigned char *') converts between pointers to integer types where one is of the unique plain 'char' type and the other is not [-Wpointer-sign]
        LCD_WriteChar(thousands, 1 , 0, 1); 
                      ^~~~~~~~~
./LCD.h(15): note: passing argument to parameter 'ch' here
void LCD_WriteChar(uint8_t* ch, bool point, bool colon, uint8_t position);
                            ^
main.c(480): warning: passing 'char [1]' to parameter of type 'uint8_t *' (aka 'unsigned char *') converts between pointers to integer types where one is of the unique plain 'char' type and the other is not [-Wpointer-sign]
        LCD_WriteChar(hundreds, 0 , 0, 2); 
                      ^~~~~~~~
./LCD.h(15): note: passing argument to parameter 'ch' here
void LCD_WriteChar(uint8_t* ch, bool point, bool colon, uint8_t position);
                            ^
main.c(481): warning: passing 'char [1]' to parameter of type 'uint8_t *' (aka 'unsigned char *') converts between pointers to integer types where one is of the unique plain 'char' type and the other is not [-Wpointer-sign]
        LCD_WriteChar(tens, 0 , 0, 3);
                      ^~~~
./LCD.h(15): note: passing argument to parameter 'ch' here
void LCD_WriteChar(uint8_t* ch, bool point, bool colon, uint8_t position);
                            ^
main.c(482): warning: passing 'char [1]' to parameter of type 'uint8_t *' (aka 'unsigned char *') converts between pointers to integer types where one is of the unique plain 'char' type and the other is not [-Wpointer-sign]
        LCD_WriteChar(space, 0 , 0, 4);
                      ^~~~~
./LCD.h(15): note: passing argument to parameter 'ch' here
void LCD_WriteChar(uint8_t* ch, bool point, bool colon, uint8_t position);
                            ^
main.c(483): warning: passing 'char [1]' to parameter of type 'uint8_t *' (aka 'unsigned char *') converts between pointers to integer types where one is of the unique plain 'char' type and the other is not [-Wpointer-sign]
        LCD_WriteChar(s, 0 , 0, 5);
                      ^
./LCD.h(15): note: passing argument to parameter 'ch' here
void LCD_WriteChar(uint8_t* ch, bool point, bool colon, uint8_t position);
                            ^
main.c(497): warning: implicit conversion loses integer precision: 'int' to 'char' [-Wimplicit-int-conversion]
        *score_char = score + '0';
                    ~ ~~~~~~^~~~~
main.c(501): warning: implicit conversion loses integer precision: 'int' to 'char' [-Wimplicit-int-conversion]
        *player_number_char = player_number + '0';
                            ~ ~~~~~~~~~~~~~~^~~~~
main.c(503): warning: passing 'char [1]' to parameter of type 'uint8_t *' (aka 'unsigned char *') converts between pointers to integer types where one is of the unique plain 'char' type and the other is not [-Wpointer-sign]
        LCD_WriteChar(p, 0 , 0, 0);
                      ^
./LCD.h(15): note: passing argument to parameter 'ch' here
void LCD_WriteChar(uint8_t* ch, bool point, bool colon, uint8_t position);
                            ^
main.c(504): warning: passing 'char [1]' to parameter of type 'uint8_t *' (aka 'unsigned char *') converts between pointers to integer types where one is of the unique plain 'char' type and the other is not [-Wpointer-sign]
        LCD_WriteChar(player_number_char, 0 , 0, 1); 
                      ^~~~~~~~~~~~~~~~~~
./LCD.h(15): note: passing argument to parameter 'ch' here
void LCD_WriteChar(uint8_t* ch, bool point, bool colon, uint8_t position);
                            ^
main.c(505): warning: passing 'char [1]' to parameter of type 'uint8_t *' (aka 'unsigned char *') converts between pointers to integer types where one is of the unique plain 'char' type and the other is not [-Wpointer-sign]
        LCD_WriteChar(space, 0 , 0, 2); 
                      ^~~~~
./LCD.h(15): note: passing argument to parameter 'ch' here
void LCD_WriteChar(uint8_t* ch, bool point, bool colon, uint8_t position);
                            ^
main.c(506): warning: passing 'char [1]' to parameter of type 'uint8_t *' (aka 'unsigned char *') converts between pointers to integer types where one is of the unique plain 'char' type and the other is not [-Wpointer-sign]
        LCD_WriteChar(score_char, 0 , 0, 3);
                      ^~~~~~~~~~
./LCD.h(15): note: passing argument to parameter 'ch' here
void LCD_WriteChar(uint8_t* ch, bool point, bool colon, uint8_t position);
                            ^
main.c(507): warning: passing 'char [1]' to parameter of type 'uint8_t *' (aka 'unsigned char *') converts between pointers to integer types where one is of the unique plain 'char' type and the other is not [-Wpointer-sign]
        LCD_WriteChar(p, 0 , 0, 4);
                      ^
./LCD.h(15): note: passing argument to parameter 'ch' here
void LCD_WriteChar(uint8_t* ch, bool point, bool colon, uint8_t position);
                            ^
main.c(508): warning: passing 'char [1]' to parameter of type 'uint8_t *' (aka 'unsigned char *') converts between pointers to integer types where one is of the unique plain 'char' type and the other is not [-Wpointer-sign]
        LCD_WriteChar(t, 0 , 0, 5);
                      ^
./LCD.h(15): note: passing argument to parameter 'ch' here
void LCD_WriteChar(uint8_t* ch, bool point, bool colon, uint8_t position);
                            ^
main.c(546): warning: passing 'char [1]' to parameter of type 'uint8_t *' (aka 'unsigned char *') converts between pointers to integer types where one is of the unique plain 'char' type and the other is not [-Wpointer-sign]
        LCD_WriteChar(space, 0 , 0, 0);
                      ^~~~~
./LCD.h(15): note: passing argument to parameter 'ch' here
void LCD_WriteChar(uint8_t* ch, bool point, bool colon, uint8_t position);
                            ^
main.c(547): warning: passing 'char [1]' to parameter of type 'uint8_t *' (aka 'unsigned char *') converts between pointers to integer types where one is of the unique plain 'char' type and the other is not [-Wpointer-sign]
        LCD_WriteChar(space, 0 , 0, 1);
                      ^~~~~
./LCD.h(15): note: passing argument to parameter 'ch' here
void LCD_WriteChar(uint8_t* ch, bool point, bool colon, uint8_t position);
                            ^
main.c(548): warning: passing 'char [1]' to parameter of type 'uint8_t *' (aka 'unsigned char *') converts between pointers to integer types where one is of the unique plain 'char' type and the other is not [-Wpointer-sign]
        LCD_WriteChar(space, 0 , 0, 2);
                      ^~~~~
./LCD.h(15): note: passing argument to parameter 'ch' here
void LCD_WriteChar(uint8_t* ch, bool point, bool colon, uint8_t position);
                            ^
main.c(549): warning: passing 'char [1]' to parameter of type 'uint8_t *' (aka 'unsigned char *') converts between pointers to integer types where one is of the unique plain 'char' type and the other is not [-Wpointer-sign]
        LCD_WriteChar(space, 0 , 0, 3);
                      ^~~~~
./LCD.h(15): note: passing argument to parameter 'ch' here
void LCD_WriteChar(uint8_t* ch, bool point, bool colon, uint8_t position);
                            ^
main.c(550): warning: passing 'char [1]' to parameter of type 'uint8_t *' (aka 'unsigned char *') converts between pointers to integer types where one is of the unique plain 'char' type and the other is not [-Wpointer-sign]
        LCD_WriteChar(space, 0 , 0, 4);
                      ^~~~~
./LCD.h(15): note: passing argument to parameter 'ch' here
void LCD_WriteChar(uint8_t* ch, bool point, bool colon, uint8_t position);
                            ^
main.c(551): warning: passing 'char [1]' to parameter of type 'uint8_t *' (aka 'unsigned char *') converts between pointers to integer types where one is of the unique plain 'char' type and the other is not [-Wpointer-sign]
        LCD_WriteChar(space, 0 , 0, 5);
                      ^~~~~
./LCD.h(15): note: passing argument to parameter 'ch' here
void LCD_WriteChar(uint8_t* ch, bool point, bool colon, uint8_t position);
                            ^
main.c(553): warning: passing 'char [1]' to parameter of type 'uint8_t *' (aka 'unsigned char *') converts between pointers to integer types where one is of the unique plain 'char' type and the other is not [-Wpointer-sign]
        LCD_WriteChar(three, 0 , 0, 3);
                      ^~~~~
./LCD.h(15): note: passing argument to parameter 'ch' here
void LCD_WriteChar(uint8_t* ch, bool point, bool colon, uint8_t position);
                            ^
main.c(555): warning: passing 'char [1]' to parameter of type 'uint8_t *' (aka 'unsigned char *') converts between pointers to integer types where one is of the unique plain 'char' type and the other is not [-Wpointer-sign]
        LCD_WriteChar(two, 0 , 0, 3);
                      ^~~
./LCD.h(15): note: passing argument to parameter 'ch' here
void LCD_WriteChar(uint8_t* ch, bool point, bool colon, uint8_t position);
                            ^
main.c(557): warning: passing 'char [1]' to parameter of type 'uint8_t *' (aka 'unsigned char *') converts between pointers to integer types where one is of the unique plain 'char' type and the other is not [-Wpointer-sign]
        LCD_WriteChar(one, 0 , 0, 3);
                      ^~~
./LCD.h(15): note: passing argument to parameter 'ch' here
void LCD_WriteChar(uint8_t* ch, bool point, bool colon, uint8_t position);
                            ^
main.c(533): warning: unused variable 'i' [-Wunused-variable]
        int i;
            ^
main.c(573): warning: implicit conversion changes signedness: 'int' to 'unsigned int' [-Wsign-conversion]
        GPIOA->MODER &= ~(0x00000003);
                     ~~ ^~~~~~~~~~~~~
main.c(575): warning: implicit conversion changes signedness: 'int' to 'unsigned int' [-Wsign-conversion]
        GPIOA->MODER &= ~(0x0000000C);
                     ~~ ^~~~~~~~~~~~~
main.c(577): warning: implicit conversion changes signedness: 'int' to 'unsigned int' [-Wsign-conversion]
        GPIOA->MODER &= ~(0x00000030);
                     ~~ ^~~~~~~~~~~~~
main.c(579): warning: implicit conversion changes signedness: 'int' to 'unsigned int' [-Wsign-conversion]
        GPIOA->MODER &= ~(0x000000C0);
                     ~~ ^~~~~~~~~~~~~
main.c(581): warning: implicit conversion changes signedness: 'int' to 'unsigned int' [-Wsign-conversion]
        GPIOA->MODER &= ~(0x00000C00);
                     ~~ ^~~~~~~~~~~~~
main.c(587): warning: implicitly declaring library function 'strlen' with type 'unsigned int (const char *)' [-Wimplicit-function-declaration]
        return movingString((uint8_t *)start_message, strlen(start_message));
                                                      ^
main.c(587): note: include the header <string.h> or explicitly provide a declaration for 'strlen'
main.c(587): warning: implicit conversion loses integer precision: 'unsigned int' to 'uint8_t' (aka 'unsigned char') [-Wimplicit-int-conversion]
        return movingString((uint8_t *)start_message, strlen(start_message));
               ~~~~~~~~~~~~                           ^~~~~~~~~~~~~~~~~~~~~
main.c(607): warning: implicit conversion changes signedness: 'int' to 'unsigned int' [-Wsign-conversion]
        str_pad = (char *) malloc(length); //allocate more space
                           ~~~~~~ ^~~~~~
main.c(624): warning: passing 'char *' to parameter of type 'uint8_t *' (aka 'unsigned char *') converts between pointers to integer types where one is of the unique plain 'char' type and the other is not [-Wpointer-sign]
                        LCD_DisplayString(str_pad+i);           
                                          ^~~~~~~~~
./LCD.h(14): note: passing argument to parameter 'ptr' here
void LCD_DisplayString(uint8_t* ptr);
                                ^
main.c(643): warning: passing 'char *' to parameter of type 'uint8_t *' (aka 'unsigned char *') converts between pointers to integer types where one is of the unique plain 'char' type and the other is not [-Wpointer-sign]
                        LCD_DisplayString(str_pad+i);                   
                                          ^~~~~~~~~
./LCD.h(14): note: passing argument to parameter 'ptr' here
void LCD_DisplayString(uint8_t* ptr);
                                ^
main.c(593): warning: unused variable 'a' [-Wunused-variable]
        int a = 0;
            ^
main.c(659): warning: implicit conversion turns floating-point number into integer: 'double' to 'int' [-Wfloat-conversion]
        rand_num /= 2.5; // divide by 2.5, this shortens the range to [0,4).
        ~~~~~~~~~^~~~~~
main.c(656): warning: no previous prototype for function 'random_direction_gen' [-Wmissing-prototypes]
int random_direction_gen(void){
    ^
main.c(656): note: declare 'static' if the function is not intended to be used outside of this translation unit
int random_direction_gen(void){
^
static 
main.c(2): warning: In file included from...
./LCD.h(16): warning: unused function 'LCD_Conv_Char_Seg' [-Wunused-function]
static void LCD_Conv_Char_Seg(uint8_t* c,bool point,bool colon, uint8_t* digit);
            ^
100 warnings generated.
compiling main.c...
linking...
.\Objects\hw7bis.axf: Warning: L6305W: Image does not have an entry point. (Not specified or not set due to multiple choices.)
Program Size: Code=5352 RO-data=496 RW-data=60 ZI-data=1876  
Finished: 0 information, 1 warning and 0 error messages.
FromELF: creating hex file...
".\Objects\hw7bis.axf" - 0 Error(s), 101 Warning(s).

<h2>Software Packages used:</h2>

Package Vendor: ARM
                http://www.keil.com/pack/ARM.CMSIS.5.8.0.pack
                ARM.CMSIS.5.8.0
                CMSIS (Common Microcontroller Software Interface Standard)
   * Component: CORE Version: 5.5.0

Package Vendor: Keil
                http://www.keil.com/pack/Keil.STM32L4xx_DFP.2.6.1.pack
                Keil.STM32L4xx_DFP.2.6.1
                STMicroelectronics STM32L4 Series Device Support, Drivers and Examples

<h2>Collection of Component include folders:</h2>
  .\RTE\_Target_1
  c:\Keil_v5\ARM\PACK\ARM\CMSIS\5.8.0\CMSIS\Core\Include
  c:\Keil_v5\ARM\PACK\Keil\STM32L4xx_DFP\2.6.1\Drivers\CMSIS\Device\ST\STM32L4xx\Include

<h2>Collection of Component Files used:</h2>

   * Component: ARM::CMSIS:CORE:5.5.0
Build Time Elapsed:  00:00:02
</pre>
</body>
</html>
