<html>
<body>
<pre>
<h1>µVision Build Log</h1>
<h2>Tool Versions:</h2>
IDE-Version: µVision V5.35.0.0
Copyright (C) 2021 ARM Ltd and ARM Germany GmbH. All rights reserved.
License Information: Tufts EECS, Tufts University, LIC=----
 
Tool Versions:
Toolchain:       MDK-Lite  Version: 5.35.0.2
Toolchain Path:  c:\Keil_v5\ARM\ARMCC\Bin
C Compiler:      Armcc.exe V5.06 update 7 (build 960)
Assembler:       Armasm.exe V5.06 update 7 (build 960)
Linker/Locator:  ArmLink.exe V5.06 update 7 (build 960)
Library Manager: ArmAr.exe V5.06 update 7 (build 960)
Hex Converter:   FromElf.exe V5.06 update 7 (build 960)
CPU DLL:         SARMCM3.DLL V5.35.0.2
Dialog DLL:      DCM.DLL V1.17.3.0
Target DLL:      STLink\ST-LINKIII-KEIL_SWO.dll V3.0.9.0
Dialog DLL:      TCM.DLL V1.53.0.0
 
<h2>Project:</h2>
Z:\ee14\final\EE14FINAL\project.uvprojx
Project File Date:  04/15/2022

<h2>Output:</h2>
*** Using Compiler 'V5.06 update 7 (build 960)', folder: 'c:\Keil_v5\ARM\ARMCC\Bin'
Build target 'Target 1'
compiling main.c...
SysTick.h(11): warning:  #1-D: last line of file ends without a newline
  #endif /* __STM32L476G_DISCOVERY_SYSTICK_H */
main.c(18): warning:  #223-D: function "SysTick_Initialize" declared implicitly
  	SysTick_Initialize(1000);
main.c(15): warning:  #177-D: variable "index"  was declared but never referenced
  	int index = 0;
main.c(38): warning:  #167-D: argument of type "char *" is incompatible with parameter of type "uint8_t *"
  		LCD_DisplayString(num);
main.c(59): warning:  #167-D: argument of type "char *" is incompatible with parameter of type "uint8_t *"
  			LCD_DisplayString(up);
main.c(62): warning:  #167-D: argument of type "char *" is incompatible with parameter of type "uint8_t *"
  			LCD_DisplayString(down);
main.c(65): warning:  #167-D: argument of type "char *" is incompatible with parameter of type "uint8_t *"
  			LCD_DisplayString(right);
main.c(68): warning:  #167-D: argument of type "char *" is incompatible with parameter of type "uint8_t *"
  			LCD_DisplayString(left);
main.c(71): warning:  #167-D: argument of type "char *" is incompatible with parameter of type "uint8_t *"
  			LCD_DisplayString(push);
main.c(74): warning:  #167-D: argument of type "char *" is incompatible with parameter of type "uint8_t *"
  			LCD_DisplayString(error);
main.c(119): warning:  #167-D: argument of type "char *" is incompatible with parameter of type "uint8_t *"
  	LCD_WriteChar(minutes_1_char, 0 , 0, 0); 
main.c(120): warning:  #167-D: argument of type "char *" is incompatible with parameter of type "uint8_t *"
  	LCD_WriteChar(minutes_2_char, 0 , 1, 1);  
main.c(121): warning:  #167-D: argument of type "char *" is incompatible with parameter of type "uint8_t *"
  	LCD_WriteChar(seconds_ints_1_char, 0 , 0, 2);  
main.c(122): warning:  #167-D: argument of type "char *" is incompatible with parameter of type "uint8_t *"
  	LCD_WriteChar(seconds_ints_2_char, 1 , 0, 3); 
main.c(123): warning:  #167-D: argument of type "char *" is incompatible with parameter of type "uint8_t *"
  	LCD_WriteChar(seconds_decs_1_char, 0 , 0, 4); 
main.c(124): warning:  #167-D: argument of type "char *" is incompatible with parameter of type "uint8_t *"
  	LCD_WriteChar(seconds_decs_2_char, 0 , 0, 5);
main.c(92): warning:  #177-D: variable "minutes"  was declared but never referenced
  	int minutes;
main.c(93): warning:  #177-D: variable "seconds_ints"  was declared but never referenced
  	int seconds_ints;
main.c(94): warning:  #177-D: variable "seconds_decs"  was declared but never referenced
  	int seconds_decs;
main.c(224): warning:  #223-D: function "malloc" declared implicitly
  	str_pad = (char *) malloc(length); //allocate more space
main.c(243): warning:  #167-D: argument of type "char *" is incompatible with parameter of type "uint8_t *"
  			LCD_DisplayString(str_pad+i);		
main.c(260): warning:  #167-D: argument of type "char *" is incompatible with parameter of type "uint8_t *"
  			LCD_DisplayString(str_pad+i);			
main.c(212): warning:  #177-D: variable "a"  was declared but never referenced
  	int a = 0;
main.c(277): warning:  #223-D: function "strlen" declared implicitly
  	movingString((uint8_t *)start_message, strlen(start_message));
main.c: 24 warnings, 0 errors
linking...
Program Size: Code=5258 RO-data=498 RW-data=8 ZI-data=1632  
FromELF: creating hex file...
".\Objects\project.axf" - 0 Error(s), 24 Warning(s).

<h2>Software Packages used:</h2>

Package Vendor: ARM
                http://www.keil.com/pack/ARM.CMSIS.5.8.0.pack
                ARM.CMSIS.5.8.0
                CMSIS (Common Microcontroller Software Interface Standard)
   * Component: CORE Version: 5.5.0

Package Vendor: Keil
                http://www.keil.com/pack/Keil.STM32L4xx_DFP.2.6.1.pack
                Keil.STM32L4xx_DFP.2.6.1
                STMicroelectronics STM32L4 Series Device Support, Drivers and Examples

<h2>Collection of Component include folders:</h2>
  .\RTE\_Target_1
  c:\Keil_v5\ARM\PACK\ARM\CMSIS\5.8.0\CMSIS\Core\Include
  c:\Keil_v5\ARM\PACK\Keil\STM32L4xx_DFP\2.6.1\Drivers\CMSIS\Device\ST\STM32L4xx\Include

<h2>Collection of Component Files used:</h2>

   * Component: ARM::CMSIS:CORE:5.5.0
Build Time Elapsed:  00:00:01
</pre>
</body>
</html>
