<html>
<body>
<pre>
<h1>µVision Build Log</h1>
<h2>Tool Versions:</h2>
IDE-Version: µVision V5.35.0.0
Copyright (C) 2021 ARM Ltd and ARM Germany GmbH. All rights reserved.
License Information: Tufts EECS, Tufts University, LIC=----
 
Tool Versions:
Toolchain:       MDK-Lite  Version: 5.35.0.2
Toolchain Path:  c:\Keil_v5\ARM\ARMCC\Bin
C Compiler:      Armcc.exe V5.06 update 7 (build 960)
Assembler:       Armasm.exe V5.06 update 7 (build 960)
Linker/Locator:  ArmLink.exe V5.06 update 7 (build 960)
Library Manager: ArmAr.exe V5.06 update 7 (build 960)
Hex Converter:   FromElf.exe V5.06 update 7 (build 960)
CPU DLL:         SARMCM3.DLL V5.35.0.2
Dialog DLL:      DCM.DLL V1.17.3.0
Target DLL:      STLink\ST-LINKIII-KEIL_SWO.dll V3.0.9.0
Dialog DLL:      TCM.DLL V1.53.0.0
 
<h2>Project:</h2>
Z:\EE14 Lab\FINAL PROJECT REAL\project.uvprojx
Project File Date:  04/15/2022

<h2>Output:</h2>
*** Using Compiler 'V5.06 update 7 (build 960)', folder: 'c:\Keil_v5\ARM\ARMCC\Bin'
Rebuild target 'Target 1'
assembling startup_stm32l476xx.s...
compiling SysTick.c...
compiling main.c...
SysTick.h(11): warning:  #1-D: last line of file ends without a newline
  #endif /* __STM32L476G_DISCOVERY_SYSTICK_H */
main.c(14): warning:  #223-D: function "SysTick_Initialize" declared implicitly
  	SysTick_Initialize(1000);
main.c(11): warning:  #177-D: variable "index"  was declared but never referenced
  	int index = 0;
main.c(52): warning:  #167-D: argument of type "char *" is incompatible with parameter of type "uint8_t *"
  		LCD_DisplayString(up);
main.c(54): warning:  #167-D: argument of type "char *" is incompatible with parameter of type "uint8_t *"
  		LCD_DisplayString(down);
main.c(56): warning:  #167-D: argument of type "char *" is incompatible with parameter of type "uint8_t *"
  		LCD_DisplayString(right);
main.c(58): warning:  #167-D: argument of type "char *" is incompatible with parameter of type "uint8_t *"
  		LCD_DisplayString(left);
main.c(60): warning:  #167-D: argument of type "char *" is incompatible with parameter of type "uint8_t *"
  		LCD_DisplayString(push);
main.c(62): warning:  #167-D: argument of type "char *" is incompatible with parameter of type "uint8_t *"
  		LCD_DisplayString(error);
main.c(107): warning:  #167-D: argument of type "char *" is incompatible with parameter of type "uint8_t *"
  	LCD_WriteChar(minutes_1_char, 0 , 0, 0); 
main.c(108): warning:  #167-D: argument of type "char *" is incompatible with parameter of type "uint8_t *"
  	LCD_WriteChar(minutes_2_char, 0 , 1, 1);  
main.c(109): warning:  #167-D: argument of type "char *" is incompatible with parameter of type "uint8_t *"
  	LCD_WriteChar(seconds_ints_1_char, 0 , 0, 2);  
main.c(110): warning:  #167-D: argument of type "char *" is incompatible with parameter of type "uint8_t *"
  	LCD_WriteChar(seconds_ints_2_char, 1 , 0, 3); 
main.c(111): warning:  #167-D: argument of type "char *" is incompatible with parameter of type "uint8_t *"
  	LCD_WriteChar(seconds_decs_1_char, 0 , 0, 4); 
main.c(112): warning:  #167-D: argument of type "char *" is incompatible with parameter of type "uint8_t *"
  	LCD_WriteChar(seconds_decs_2_char, 0 , 0, 5);
main.c(80): warning:  #177-D: variable "minutes"  was declared but never referenced
  	int minutes;
main.c(81): warning:  #177-D: variable "seconds_ints"  was declared but never referenced
  	int seconds_ints;
main.c(82): warning:  #177-D: variable "seconds_decs"  was declared but never referenced
  	int seconds_decs;
main.c(208): warning:  #1-D: last line of file ends without a newline
  }
main.c: 19 warnings, 0 errors
compiling LCD.c...
LCD.c(251): warning:  #167-D: argument of type "char *" is incompatible with parameter of type "uint8_t *"
  	LCD_DisplayString(name2);
LCD.c: 1 warning, 0 errors
linking...
Program Size: Code=4530 RO-data=498 RW-data=8 ZI-data=1632  
FromELF: creating hex file...
".\Objects\project.axf" - 0 Error(s), 20 Warning(s).

<h2>Software Packages used:</h2>

Package Vendor: ARM
                http://www.keil.com/pack/ARM.CMSIS.5.8.0.pack
                ARM.CMSIS.5.8.0
                CMSIS (Common Microcontroller Software Interface Standard)
   * Component: CORE Version: 5.5.0

Package Vendor: Keil
                http://www.keil.com/pack/Keil.STM32L4xx_DFP.2.6.1.pack
                Keil.STM32L4xx_DFP.2.6.1
                STMicroelectronics STM32L4 Series Device Support, Drivers and Examples

<h2>Collection of Component include folders:</h2>
  .\RTE\_Target_1
  c:\Keil_v5\ARM\PACK\ARM\CMSIS\5.8.0\CMSIS\Core\Include
  c:\Keil_v5\ARM\PACK\Keil\STM32L4xx_DFP\2.6.1\Drivers\CMSIS\Device\ST\STM32L4xx\Include

<h2>Collection of Component Files used:</h2>

   * Component: ARM::CMSIS:CORE:5.5.0
Build Time Elapsed:  00:00:02
</pre>
</body>
</html>
